// Jest Snapshot v1, https://goo.gl/fbAQLP

exports[`Comment component renders correctly with comments 1`] = `
<div
  className="bcgov-callout"
  role="alert"
>
  <span>
    <p>
      John Doe
      ,
       
      2021-12-31 5:00 pm
      :
       
      A sample comment
    </p>
    <p>
      Jane Doe
      ,
       
      2022-01-01 5:00 pm
      :
       
      Another sample comment
    </p>
  </span>
</div>
`;

exports[`Comment component renders correctly with empty commentArray 1`] = `
<div
  className="bcgov-callout"
  role="alert"
>
  <span />
</div>
`;
